// Jest Snapshot v1, https://goo.gl/fbAQLP

exports[`Map component test Should match to snapshot 1`] = `
<div
  className="containerMap"
  id="map"
/>
`;
